[     188ms] [WARNING] Allow attribute will take precedence over 'allowfullscreen'. @ http://127.0.0.1:8101/live:68
[    1256ms] [WARNING] 
%cTwitch Embed Error Message%c

Autoplay disabled. The following minimum requirements for autoplay were not met: style visibility. Refer to the Embedded Experiences Requirements in the Twitch Developer documentation:
https://dev.twitch.tv/docs/embed/
     color: #9147ff; font-weight: 600; font-size: 14px; margin-bottom: 1rem; background-color: black color: inherit; @ https://assets.twitch.tv/assets/88769-6cc9343892727e938d33.js:0
[    1443ms] [WARNING] No available adapters. @ https://player.twitch.tv/?autoplay=true&channel=jonesrussell42&muted=true&parent=rhtcircle.ca&parent=www.rhtcircle.ca&parent=localhost&parent=127.0.0.1:0
[    1443ms] [WARNING] 12:07:21 - (VideoTransformer) WebGPU adapter unavailable @ https://assets.twitch.tv/assets/player-core-variant-a-8f0b728747727f5107ae.js:0
[    1585ms] [WARNING] MaxListenersExceededWarning: Possible EventEmitter memory leak detected. 11 Playing listeners added. Use emitter.setMaxListeners() to increase limit
    at c (https://assets.twitch.tv/assets/23687-51e5e0852456425c5f9e.js:1:39145)
    at o.addListener (https://assets.twitch.tv/assets/23687-51e5e0852456425c5f9e.js:1:41729)
    at t.on (https://assets.twitch.tv/assets/player-core-variant-a-8f0b728747727f5107ae.js:1:131664)
    at t.addEventListener (https://assets.twitch.tv/assets/player-core-variant-a-8f0b728747727f5107ae.js:1:348272)
    at t.addEventListener (https://assets.twitch.tv/assets/player-core-variant-a-8f0b728747727f5107ae.js:1:365436)
    at o.addEventListener (https://assets.twitch.tv/assets/88769-6cc9343892727e938d33.js:1:235346)
    at Object.addEventListener (https://assets.twitch.tv/assets/72308-35cf61ae0aa79227e748.js:1:5183)
    at F.componentDidMount (https://assets.twitch.tv/assets/47177-fd9bc6c04c84560b4884.js:1:111714)
    at wc (https://assets.twitch.tv/assets/45902-48a26d02a42d7fc8c36f.js:1:528834)
    at yc (https://assets.twitch.tv/assets/45902-48a26d02a42d7fc8c36f.js:1:528609) @ https://assets.twitch.tv/assets/23687-51e5e0852456425c5f9e.js:0
[    1692ms] [LOG] Amazon IVS Player SDK 1.54.0-rc.3 @ https://assets.twitch.tv/assets/amazon-ivs-wasmworker.min-6824606afc20be471b08.js:0
[    1976ms] [ERROR] Player stopping playback - error MasterPlaylist:11 (ErrorNotAvailable code 404 - Failed to load playlist) @ https://assets.twitch.tv/assets/amazon-ivs-wasmworker.min-6824606afc20be471b08.js:0
[    2028ms] [ERROR] Failed to load resource: the server responded with a status of 429 (Too Many Requests) @ https://k.twitchcdn.net/149e9513-01fa-4fb0-aad4-566afd725d1b/2d206a39-8ed7-437e-a3be-862e0f06eea3/fp?x-kpsdk-v=j-1.2.522:0
[    3363ms] [LOG] Error @ :2
[    3410ms] [LOG] Error @ :2
[    4060ms] [LOG] Error @ :2
[    4191ms] [ERROR] Failed to load resource: the server responded with a status of 404 (Not Found) @ http://127.0.0.1:8101/favicon.ico:0
